// Jest Snapshot v1, https://goo.gl/fbAQLP

exports[`header test 1`] = `
<nav
  class="navbar fixed-bottom navbar-light bg-light"
  className="footer"
>
  <a
    className="nav-item nav-link"
    href="/message"
  >
    Submit request
  </a>
</nav>
`;
