// Jest Snapshot v1, https://goo.gl/fbAQLP

exports[`header test 1`] = `
<nav
  className="header navbar navbar-expand navbar-light"
>
  <div
    className="container"
  >
    <a
      className="navbar-brand"
      href="/admin"
    >
      <img
        alt="YRI logo"
        className="yri-logo"
        height="30"
        src="YRI_LOGO.png"
        width="30"
      />
      <img
        alt="CCSJ logo"
        className="ccsj-logo"
        height="30"
        src="ccsjLogo.jpg"
        width="30"
      />
      <button
        aria-controls="navbarNavAltMarkup"
        aria-expanded="false"
        aria-label="Toggle navigation"
        className="navbar-toggler"
        data-target="#navbarNavAltMarkup"
        data-toggle="collapse"
        type="button"
      >
        <span
          className="navbar-toggler-icon"
        />
      </button>
    </a>
    <div
      className="collapse navbar-collapse"
      id="navbarNavAltMarkup"
    >
      <div
        className="navbar-nav"
      >
        <a
          className="nav-item nav-link"
          href="/"
        >
          Home
        </a>
        <a
          className="nav-item nav-link"
          href="/key"
        >
          Category key
        </a>
        <a
          className="nav-item nav-link"
          href="/login"
        >
          Admin login
        </a>
      </div>
    </div>
  </div>
</nav>
`;
